

================================================================
== Vitis HLS Report for 'train_step_Pipeline_VITIS_LOOP_85_1'
================================================================
* Date:           Tue May 20 21:00:51 2025

* Version:        2024.2 (Build 5238294 on Nov  8 2024)
* Project:        train_step
* Solution:       hls (Vivado IP Flow Target)
* Product family: artix7
* Target device:  xc7a100t-csg324-1


================================================================
== Performance Estimates
================================================================
+ Timing: 
    * Summary: 
    +--------+----------+----------+------------+
    |  Clock |  Target  | Estimated| Uncertainty|
    +--------+----------+----------+------------+
    |ap_clk  |  10.00 ns|  7.300 ns|     2.70 ns|
    +--------+----------+----------+------------+

+ Latency: 
    * Summary: 
    +---------+---------+----------+----------+-----+-----+------------------------------------------------+
    |  Latency (cycles) |  Latency (absolute) |  Interval |                    Pipeline                    |
    |   min   |   max   |    min   |    max   | min | max |                      Type                      |
    +---------+---------+----------+----------+-----+-----+------------------------------------------------+
    |      834|      834|  8.340 us|  8.340 us|  352|  352|  loop auto-rewind stp (delay=0 clock cycles(s))|
    +---------+---------+----------+----------+-----+-----+------------------------------------------------+

    + Detail: 
        * Instance: 
        N/A

        * Loop: 
        +-------------------+---------+---------+----------+-----------+-----------+------+----------+
        |                   |  Latency (cycles) | Iteration|  Initiation Interval  | Trip |          |
        |     Loop Name     |   min   |   max   |  Latency |  achieved |   target  | Count| Pipelined|
        +-------------------+---------+---------+----------+-----------+-----------+------+----------+
        |- VITIS_LOOP_85_1  |      832|      832|       545|         32|          1|    10|       yes|
        +-------------------+---------+---------+----------+-----------+-----------+------+----------+



================================================================
== Utilization Estimates
================================================================
* Summary: 
+-----------------+---------+-----+--------+-------+-----+
|       Name      | BRAM_18K| DSP |   FF   |  LUT  | URAM|
+-----------------+---------+-----+--------+-------+-----+
|DSP              |        -|   32|       -|      -|    -|
|Expression       |        -|    -|       0|   2769|    -|
|FIFO             |        -|    -|       -|      -|    -|
|Instance         |        -|    -|       -|      -|    -|
|Memory           |        -|    -|       -|      -|    -|
|Multiplexer      |        -|    -|       0|    851|    -|
|Register         |        -|    -|    3664|    288|    -|
+-----------------+---------+-----+--------+-------+-----+
|Total            |        0|   32|    3664|   3908|    0|
+-----------------+---------+-----+--------+-------+-----+
|Available        |      270|  240|  126800|  63400|    0|
+-----------------+---------+-----+--------+-------+-----+
|Utilization (%)  |        0|   13|       2|      6|    0|
+-----------------+---------+-----+--------+-------+-----+

+ Detail: 
    * Instance: 
    N/A

    * DSP: 
    +--------------------------------+---------------------------+--------------+
    |            Instance            |           Module          |  Expression  |
    +--------------------------------+---------------------------+--------------+
    |mac_muladd_3s_2s_8s_9_4_1_U536  |mac_muladd_3s_2s_8s_9_4_1  |  i0 * i1 + i2|
    |mac_muladd_3s_2s_8s_9_4_1_U537  |mac_muladd_3s_2s_8s_9_4_1  |  i0 * i1 + i2|
    |mac_muladd_3s_2s_8s_9_4_1_U538  |mac_muladd_3s_2s_8s_9_4_1  |  i0 * i1 + i2|
    |mac_muladd_3s_2s_8s_9_4_1_U539  |mac_muladd_3s_2s_8s_9_4_1  |  i0 * i1 + i2|
    |mac_muladd_3s_2s_8s_9_4_1_U540  |mac_muladd_3s_2s_8s_9_4_1  |  i0 * i1 + i2|
    |mac_muladd_3s_2s_8s_9_4_1_U541  |mac_muladd_3s_2s_8s_9_4_1  |  i0 * i1 + i2|
    |mac_muladd_3s_2s_8s_9_4_1_U542  |mac_muladd_3s_2s_8s_9_4_1  |  i0 * i1 + i2|
    |mac_muladd_3s_2s_8s_9_4_1_U543  |mac_muladd_3s_2s_8s_9_4_1  |  i0 * i1 + i2|
    |mac_muladd_3s_2s_8s_9_4_1_U544  |mac_muladd_3s_2s_8s_9_4_1  |  i0 * i1 + i2|
    |mac_muladd_3s_2s_8s_9_4_1_U545  |mac_muladd_3s_2s_8s_9_4_1  |  i0 * i1 + i2|
    |mac_muladd_3s_2s_8s_9_4_1_U546  |mac_muladd_3s_2s_8s_9_4_1  |  i0 * i1 + i2|
    |mac_muladd_3s_2s_8s_9_4_1_U547  |mac_muladd_3s_2s_8s_9_4_1  |  i0 * i1 + i2|
    |mac_muladd_3s_2s_8s_9_4_1_U548  |mac_muladd_3s_2s_8s_9_4_1  |  i0 * i1 + i2|
    |mac_muladd_3s_2s_8s_9_4_1_U549  |mac_muladd_3s_2s_8s_9_4_1  |  i0 * i1 + i2|
    |mac_muladd_3s_2s_8s_9_4_1_U550  |mac_muladd_3s_2s_8s_9_4_1  |  i0 * i1 + i2|
    |mac_muladd_3s_2s_8s_9_4_1_U551  |mac_muladd_3s_2s_8s_9_4_1  |  i0 * i1 + i2|
    |mac_muladd_3s_2s_8s_9_4_1_U552  |mac_muladd_3s_2s_8s_9_4_1  |  i0 * i1 + i2|
    |mac_muladd_3s_2s_8s_9_4_1_U553  |mac_muladd_3s_2s_8s_9_4_1  |  i0 * i1 + i2|
    |mac_muladd_3s_2s_8s_9_4_1_U554  |mac_muladd_3s_2s_8s_9_4_1  |  i0 * i1 + i2|
    |mac_muladd_3s_2s_8s_9_4_1_U555  |mac_muladd_3s_2s_8s_9_4_1  |  i0 * i1 + i2|
    |mac_muladd_3s_2s_8s_9_4_1_U556  |mac_muladd_3s_2s_8s_9_4_1  |  i0 * i1 + i2|
    |mac_muladd_3s_2s_8s_9_4_1_U557  |mac_muladd_3s_2s_8s_9_4_1  |  i0 * i1 + i2|
    |mac_muladd_3s_2s_8s_9_4_1_U558  |mac_muladd_3s_2s_8s_9_4_1  |  i0 * i1 + i2|
    |mac_muladd_3s_2s_8s_9_4_1_U559  |mac_muladd_3s_2s_8s_9_4_1  |  i0 * i1 + i2|
    |mac_muladd_3s_2s_8s_9_4_1_U560  |mac_muladd_3s_2s_8s_9_4_1  |  i0 * i1 + i2|
    |mac_muladd_3s_2s_8s_9_4_1_U561  |mac_muladd_3s_2s_8s_9_4_1  |  i0 * i1 + i2|
    |mac_muladd_3s_2s_8s_9_4_1_U562  |mac_muladd_3s_2s_8s_9_4_1  |  i0 * i1 + i2|
    |mac_muladd_3s_2s_8s_9_4_1_U563  |mac_muladd_3s_2s_8s_9_4_1  |  i0 * i1 + i2|
    |mac_muladd_3s_2s_8s_9_4_1_U564  |mac_muladd_3s_2s_8s_9_4_1  |  i0 * i1 + i2|
    |mac_muladd_3s_2s_8s_9_4_1_U565  |mac_muladd_3s_2s_8s_9_4_1  |  i0 * i1 + i2|
    |mac_muladd_3s_2s_8s_9_4_1_U566  |mac_muladd_3s_2s_8s_9_4_1  |  i0 * i1 + i2|
    |mac_muladd_3s_2s_8s_9_4_1_U567  |mac_muladd_3s_2s_8s_9_4_1  |  i0 * i1 + i2|
    +--------------------------------+---------------------------+--------------+

    * Memory: 
    N/A

    * FIFO: 
    N/A

    * Expression: 
    +-----------------------------------------+----------+----+---+----+------------+------------+
    |              Variable Name              | Operation| DSP| FF| LUT| Bitwidth P0| Bitwidth P1|
    +-----------------------------------------+----------+----+---+----+------------+------------+
    |add_ln85_fu_1274_p2                      |         +|   0|  0|  13|           4|           1|
    |add_ln88_10_fu_1611_p2                   |         +|   0|  0|  71|          64|           4|
    |add_ln88_11_fu_1640_p2                   |         +|   0|  0|  71|          64|           4|
    |add_ln88_12_fu_1669_p2                   |         +|   0|  0|  71|          64|           4|
    |add_ln88_13_fu_1698_p2                   |         +|   0|  0|  71|          64|           4|
    |add_ln88_14_fu_1727_p2                   |         +|   0|  0|  71|          64|           4|
    |add_ln88_15_fu_1756_p2                   |         +|   0|  0|  71|          64|           4|
    |add_ln88_16_fu_1785_p2                   |         +|   0|  0|  71|          64|           5|
    |add_ln88_17_fu_1814_p2                   |         +|   0|  0|  71|          64|           5|
    |add_ln88_18_fu_1843_p2                   |         +|   0|  0|  71|          64|           5|
    |add_ln88_19_fu_1872_p2                   |         +|   0|  0|  71|          64|           5|
    |add_ln88_1_fu_1350_p2                    |         +|   0|  0|  71|          64|           1|
    |add_ln88_20_fu_1901_p2                   |         +|   0|  0|  71|          64|           5|
    |add_ln88_21_fu_1930_p2                   |         +|   0|  0|  71|          64|           5|
    |add_ln88_22_fu_1959_p2                   |         +|   0|  0|  71|          64|           5|
    |add_ln88_23_fu_1988_p2                   |         +|   0|  0|  71|          64|           5|
    |add_ln88_24_fu_1999_p2                   |         +|   0|  0|  71|          64|           5|
    |add_ln88_25_fu_2010_p2                   |         +|   0|  0|  71|          64|           5|
    |add_ln88_26_fu_2021_p2                   |         +|   0|  0|  71|          64|           5|
    |add_ln88_27_fu_2032_p2                   |         +|   0|  0|  71|          64|           5|
    |add_ln88_28_fu_2043_p2                   |         +|   0|  0|  71|          64|           5|
    |add_ln88_29_fu_2054_p2                   |         +|   0|  0|  71|          64|           5|
    |add_ln88_2_fu_1379_p2                    |         +|   0|  0|  71|          64|           2|
    |add_ln88_30_fu_2065_p2                   |         +|   0|  0|  71|          64|           5|
    |add_ln88_31_fu_2076_p2                   |         +|   0|  0|  71|          64|           5|
    |add_ln88_3_fu_1408_p2                    |         +|   0|  0|  71|          64|           2|
    |add_ln88_4_fu_1437_p2                    |         +|   0|  0|  71|          64|           3|
    |add_ln88_5_fu_1466_p2                    |         +|   0|  0|  71|          64|           3|
    |add_ln88_6_fu_1495_p2                    |         +|   0|  0|  71|          64|           3|
    |add_ln88_7_fu_1524_p2                    |         +|   0|  0|  71|          64|           3|
    |add_ln88_8_fu_1553_p2                    |         +|   0|  0|  71|          64|           4|
    |add_ln88_9_fu_1582_p2                    |         +|   0|  0|  71|          64|           4|
    |add_ln88_fu_1298_p2                      |         +|   0|  0|  71|          64|          64|
    |delta_fu_1317_p2                         |         -|   0|  0|  11|           3|           3|
    |ap_block_pp0_stage0_11001_grp104         |       and|   0|  0|   2|           1|           1|
    |ap_block_pp0_stage0_11001_grp160         |       and|   0|  0|   2|           1|           1|
    |ap_block_pp0_stage0_11001_grp28          |       and|   0|  0|   2|           1|           1|
    |ap_block_pp0_stage0_11001_grp37          |       and|   0|  0|   2|           1|           1|
    |ap_block_pp0_stage0_11001_grp76          |       and|   0|  0|   2|           1|           1|
    |ap_block_pp0_stage10_11001_grp126        |       and|   0|  0|   2|           1|           1|
    |ap_block_pp0_stage10_11001_grp154        |       and|   0|  0|   2|           1|           1|
    |ap_block_pp0_stage10_11001_grp50         |       and|   0|  0|   2|           1|           1|
    |ap_block_pp0_stage10_11001_grp78         |       and|   0|  0|   2|           1|           1|
    |ap_block_pp0_stage10_11001_grp87         |       and|   0|  0|   2|           1|           1|
    |ap_block_pp0_stage11_11001_grp12         |       and|   0|  0|   2|           1|           1|
    |ap_block_pp0_stage11_11001_grp135        |       and|   0|  0|   2|           1|           1|
    |ap_block_pp0_stage11_11001_grp3          |       and|   0|  0|   2|           1|           1|
    |ap_block_pp0_stage11_11001_grp51         |       and|   0|  0|   2|           1|           1|
    |ap_block_pp0_stage11_11001_grp79         |       and|   0|  0|   2|           1|           1|
    |ap_block_pp0_stage12_11001_grp136        |       and|   0|  0|   2|           1|           1|
    |ap_block_pp0_stage12_11001_grp4          |       and|   0|  0|   2|           1|           1|
    |ap_block_pp0_stage12_11001_grp60         |       and|   0|  0|   2|           1|           1|
    |ap_block_pp0_stage12_11001_grp88         |       and|   0|  0|   2|           1|           1|
    |ap_block_pp0_stage12_11001_grp97         |       and|   0|  0|   2|           1|           1|
    |ap_block_pp0_stage13_11001_grp13         |       and|   0|  0|   2|           1|           1|
    |ap_block_pp0_stage13_11001_grp145        |       and|   0|  0|   2|           1|           1|
    |ap_block_pp0_stage13_11001_grp22         |       and|   0|  0|   2|           1|           1|
    |ap_block_pp0_stage13_11001_grp61         |       and|   0|  0|   2|           1|           1|
    |ap_block_pp0_stage13_11001_grp89         |       and|   0|  0|   2|           1|           1|
    |ap_block_pp0_stage14_11001_grp107        |       and|   0|  0|   2|           1|           1|
    |ap_block_pp0_stage14_11001_grp14         |       and|   0|  0|   2|           1|           1|
    |ap_block_pp0_stage14_11001_grp146        |       and|   0|  0|   2|           1|           1|
    |ap_block_pp0_stage14_11001_grp70         |       and|   0|  0|   2|           1|           1|
    |ap_block_pp0_stage14_11001_grp98         |       and|   0|  0|   2|           1|           1|
    |ap_block_pp0_stage15_11001_grp155        |       and|   0|  0|   2|           1|           1|
    |ap_block_pp0_stage15_11001_grp23         |       and|   0|  0|   2|           1|           1|
    |ap_block_pp0_stage15_11001_grp32         |       and|   0|  0|   2|           1|           1|
    |ap_block_pp0_stage15_11001_grp71         |       and|   0|  0|   2|           1|           1|
    |ap_block_pp0_stage15_11001_grp99         |       and|   0|  0|   2|           1|           1|
    |ap_block_pp0_stage16_11001_grp108        |       and|   0|  0|   2|           1|           1|
    |ap_block_pp0_stage16_11001_grp117        |       and|   0|  0|   2|           1|           1|
    |ap_block_pp0_stage16_11001_grp156        |       and|   0|  0|   2|           1|           1|
    |ap_block_pp0_stage16_11001_grp24         |       and|   0|  0|   2|           1|           1|
    |ap_block_pp0_stage16_11001_grp80         |       and|   0|  0|   2|           1|           1|
    |ap_block_pp0_stage17_11001_grp109        |       and|   0|  0|   2|           1|           1|
    |ap_block_pp0_stage17_11001_grp33         |       and|   0|  0|   2|           1|           1|
    |ap_block_pp0_stage17_11001_grp42         |       and|   0|  0|   2|           1|           1|
    |ap_block_pp0_stage17_11001_grp5          |       and|   0|  0|   2|           1|           1|
    |ap_block_pp0_stage17_11001_grp81         |       and|   0|  0|   2|           1|           1|
    |ap_block_pp0_stage18_11001_grp118        |       and|   0|  0|   2|           1|           1|
    |ap_block_pp0_stage18_11001_grp127        |       and|   0|  0|   2|           1|           1|
    |ap_block_pp0_stage18_11001_grp34         |       and|   0|  0|   2|           1|           1|
    |ap_block_pp0_stage18_11001_grp6          |       and|   0|  0|   2|           1|           1|
    |ap_block_pp0_stage18_11001_grp90         |       and|   0|  0|   2|           1|           1|
    |ap_block_pp0_stage19_11001_grp119        |       and|   0|  0|   2|           1|           1|
    |ap_block_pp0_stage19_11001_grp15         |       and|   0|  0|   2|           1|           1|
    |ap_block_pp0_stage19_11001_grp43         |       and|   0|  0|   2|           1|           1|
    |ap_block_pp0_stage19_11001_grp52         |       and|   0|  0|   2|           1|           1|
    |ap_block_pp0_stage19_11001_grp91         |       and|   0|  0|   2|           1|           1|
    |ap_block_pp0_stage1_11001_grp1           |       and|   0|  0|   2|           1|           1|
    |ap_block_pp0_stage1_11001_grp113         |       and|   0|  0|   2|           1|           1|
    |ap_block_pp0_stage1_11001_grp122         |       and|   0|  0|   2|           1|           1|
    |ap_block_pp0_stage1_11001_grp29          |       and|   0|  0|   2|           1|           1|
    |ap_block_pp0_stage1_11001_grp85          |       and|   0|  0|   2|           1|           1|
    |ap_block_pp0_stage20_11001_grp100        |       and|   0|  0|   2|           1|           1|
    |ap_block_pp0_stage20_11001_grp128        |       and|   0|  0|   2|           1|           1|
    |ap_block_pp0_stage20_11001_grp137        |       and|   0|  0|   2|           1|           1|
    |ap_block_pp0_stage20_11001_grp16         |       and|   0|  0|   2|           1|           1|
    |ap_block_pp0_stage20_11001_grp44         |       and|   0|  0|   2|           1|           1|
    |ap_block_pp0_stage21_11001_grp101        |       and|   0|  0|   2|           1|           1|
    |ap_block_pp0_stage21_11001_grp129        |       and|   0|  0|   2|           1|           1|
    |ap_block_pp0_stage21_11001_grp25         |       and|   0|  0|   2|           1|           1|
    |ap_block_pp0_stage21_11001_grp53         |       and|   0|  0|   2|           1|           1|
    |ap_block_pp0_stage21_11001_grp62         |       and|   0|  0|   2|           1|           1|
    |ap_block_pp0_stage22_11001_grp110        |       and|   0|  0|   2|           1|           1|
    |ap_block_pp0_stage22_11001_grp138        |       and|   0|  0|   2|           1|           1|
    |ap_block_pp0_stage22_11001_grp147        |       and|   0|  0|   2|           1|           1|
    |ap_block_pp0_stage22_11001_grp26         |       and|   0|  0|   2|           1|           1|
    |ap_block_pp0_stage22_11001_grp54         |       and|   0|  0|   2|           1|           1|
    |ap_block_pp0_stage23_11001_grp111        |       and|   0|  0|   2|           1|           1|
    |ap_block_pp0_stage23_11001_grp139        |       and|   0|  0|   2|           1|           1|
    |ap_block_pp0_stage23_11001_grp35         |       and|   0|  0|   2|           1|           1|
    |ap_block_pp0_stage23_11001_grp63         |       and|   0|  0|   2|           1|           1|
    |ap_block_pp0_stage23_11001_grp72         |       and|   0|  0|   2|           1|           1|
    |ap_block_pp0_stage24_11001_grp120        |       and|   0|  0|   2|           1|           1|
    |ap_block_pp0_stage24_11001_grp148        |       and|   0|  0|   2|           1|           1|
    |ap_block_pp0_stage24_11001_grp157        |       and|   0|  0|   2|           1|           1|
    |ap_block_pp0_stage24_11001_grp36         |       and|   0|  0|   2|           1|           1|
    |ap_block_pp0_stage24_11001_grp64         |       and|   0|  0|   2|           1|           1|
    |ap_block_pp0_stage25_11001_grp121        |       and|   0|  0|   2|           1|           1|
    |ap_block_pp0_stage25_11001_grp149        |       and|   0|  0|   2|           1|           1|
    |ap_block_pp0_stage25_11001_grp45         |       and|   0|  0|   2|           1|           1|
    |ap_block_pp0_stage25_11001_grp73         |       and|   0|  0|   2|           1|           1|
    |ap_block_pp0_stage25_11001_grp82         |       and|   0|  0|   2|           1|           1|
    |ap_block_pp0_stage26_11001_grp130        |       and|   0|  0|   2|           1|           1|
    |ap_block_pp0_stage26_11001_grp158        |       and|   0|  0|   2|           1|           1|
    |ap_block_pp0_stage26_11001_grp46         |       and|   0|  0|   2|           1|           1|
    |ap_block_pp0_stage26_11001_grp7          |       and|   0|  0|   2|           1|           1|
    |ap_block_pp0_stage26_11001_grp74         |       and|   0|  0|   2|           1|           1|
    |ap_block_pp0_stage27_11001_grp131        |       and|   0|  0|   2|           1|           1|
    |ap_block_pp0_stage27_11001_grp159        |       and|   0|  0|   2|           1|           1|
    |ap_block_pp0_stage27_11001_grp55         |       and|   0|  0|   2|           1|           1|
    |ap_block_pp0_stage27_11001_grp83         |       and|   0|  0|   2|           1|           1|
    |ap_block_pp0_stage27_11001_grp92         |       and|   0|  0|   2|           1|           1|
    |ap_block_pp0_stage28_11001_grp140        |       and|   0|  0|   2|           1|           1|
    |ap_block_pp0_stage28_11001_grp17         |       and|   0|  0|   2|           1|           1|
    |ap_block_pp0_stage28_11001_grp56         |       and|   0|  0|   2|           1|           1|
    |ap_block_pp0_stage28_11001_grp8          |       and|   0|  0|   2|           1|           1|
    |ap_block_pp0_stage28_11001_grp84         |       and|   0|  0|   2|           1|           1|
    |ap_block_pp0_stage29_11001_grp102        |       and|   0|  0|   2|           1|           1|
    |ap_block_pp0_stage29_11001_grp141        |       and|   0|  0|   2|           1|           1|
    |ap_block_pp0_stage29_11001_grp65         |       and|   0|  0|   2|           1|           1|
    |ap_block_pp0_stage29_11001_grp9          |       and|   0|  0|   2|           1|           1|
    |ap_block_pp0_stage29_11001_grp93         |       and|   0|  0|   2|           1|           1|
    |ap_block_pp0_stage2_11001_grp10          |       and|   0|  0|   2|           1|           1|
    |ap_block_pp0_stage2_11001_grp114         |       and|   0|  0|   2|           1|           1|
    |ap_block_pp0_stage2_11001_grp38          |       and|   0|  0|   2|           1|           1|
    |ap_block_pp0_stage2_11001_grp47          |       and|   0|  0|   2|           1|           1|
    |ap_block_pp0_stage2_11001_grp86          |       and|   0|  0|   2|           1|           1|
    |ap_block_pp0_stage30_11001_grp150        |       and|   0|  0|   2|           1|           1|
    |ap_block_pp0_stage30_11001_grp18         |       and|   0|  0|   2|           1|           1|
    |ap_block_pp0_stage30_11001_grp27         |       and|   0|  0|   2|           1|           1|
    |ap_block_pp0_stage30_11001_grp66         |       and|   0|  0|   2|           1|           1|
    |ap_block_pp0_stage30_11001_grp94         |       and|   0|  0|   2|           1|           1|
    |ap_block_pp0_stage31_11001_grp103        |       and|   0|  0|   2|           1|           1|
    |ap_block_pp0_stage31_11001_grp112        |       and|   0|  0|   2|           1|           1|
    |ap_block_pp0_stage31_11001_grp151        |       and|   0|  0|   2|           1|           1|
    |ap_block_pp0_stage31_11001_grp19         |       and|   0|  0|   2|           1|           1|
    |ap_block_pp0_stage31_11001_grp75         |       and|   0|  0|   2|           1|           1|
    |ap_block_pp0_stage3_11001_grp11          |       and|   0|  0|   2|           1|           1|
    |ap_block_pp0_stage3_11001_grp123         |       and|   0|  0|   2|           1|           1|
    |ap_block_pp0_stage3_11001_grp132         |       and|   0|  0|   2|           1|           1|
    |ap_block_pp0_stage3_11001_grp39          |       and|   0|  0|   2|           1|           1|
    |ap_block_pp0_stage3_11001_grp95          |       and|   0|  0|   2|           1|           1|
    |ap_block_pp0_stage4_11001_grp124         |       and|   0|  0|   2|           1|           1|
    |ap_block_pp0_stage4_11001_grp20          |       and|   0|  0|   2|           1|           1|
    |ap_block_pp0_stage4_11001_grp48          |       and|   0|  0|   2|           1|           1|
    |ap_block_pp0_stage4_11001_grp57          |       and|   0|  0|   2|           1|           1|
    |ap_block_pp0_stage4_11001_grp96          |       and|   0|  0|   2|           1|           1|
    |ap_block_pp0_stage5_11001_grp105         |       and|   0|  0|   2|           1|           1|
    |ap_block_pp0_stage5_11001_grp133         |       and|   0|  0|   2|           1|           1|
    |ap_block_pp0_stage5_11001_grp142         |       and|   0|  0|   2|           1|           1|
    |ap_block_pp0_stage5_11001_grp21          |       and|   0|  0|   2|           1|           1|
    |ap_block_pp0_stage5_11001_grp49          |       and|   0|  0|   2|           1|           1|
    |ap_block_pp0_stage6_11001_grp106         |       and|   0|  0|   2|           1|           1|
    |ap_block_pp0_stage6_11001_grp134         |       and|   0|  0|   2|           1|           1|
    |ap_block_pp0_stage6_11001_grp30          |       and|   0|  0|   2|           1|           1|
    |ap_block_pp0_stage6_11001_grp58          |       and|   0|  0|   2|           1|           1|
    |ap_block_pp0_stage6_11001_grp67          |       and|   0|  0|   2|           1|           1|
    |ap_block_pp0_stage7_11001_grp115         |       and|   0|  0|   2|           1|           1|
    |ap_block_pp0_stage7_11001_grp143         |       and|   0|  0|   2|           1|           1|
    |ap_block_pp0_stage7_11001_grp152         |       and|   0|  0|   2|           1|           1|
    |ap_block_pp0_stage7_11001_grp31          |       and|   0|  0|   2|           1|           1|
    |ap_block_pp0_stage7_11001_grp59          |       and|   0|  0|   2|           1|           1|
    |ap_block_pp0_stage8_11001_grp116         |       and|   0|  0|   2|           1|           1|
    |ap_block_pp0_stage8_11001_grp144         |       and|   0|  0|   2|           1|           1|
    |ap_block_pp0_stage8_11001_grp40          |       and|   0|  0|   2|           1|           1|
    |ap_block_pp0_stage8_11001_grp68          |       and|   0|  0|   2|           1|           1|
    |ap_block_pp0_stage8_11001_grp77          |       and|   0|  0|   2|           1|           1|
    |ap_block_pp0_stage9_11001_grp125         |       and|   0|  0|   2|           1|           1|
    |ap_block_pp0_stage9_11001_grp153         |       and|   0|  0|   2|           1|           1|
    |ap_block_pp0_stage9_11001_grp2           |       and|   0|  0|   2|           1|           1|
    |ap_block_pp0_stage9_11001_grp41          |       and|   0|  0|   2|           1|           1|
    |ap_block_pp0_stage9_11001_grp69          |       and|   0|  0|   2|           1|           1|
    |ap_block_state10_pp0_stage9_iter0_grp2   |       and|   0|  0|   2|           1|           1|
    |ap_block_state12_io_grp3                 |       and|   0|  0|   2|           1|           1|
    |ap_block_state13_io_grp4                 |       and|   0|  0|   2|           1|           1|
    |ap_block_state18_pp0_stage17_iter0_grp5  |       and|   0|  0|   2|           1|           1|
    |ap_block_state19_io_grp6                 |       and|   0|  0|   2|           1|           1|
    |icmp_ln85_fu_1268_p2                     |      icmp|   0|  0|  13|           4|           4|
    |ap_block_pp0_stage0_11001                |        or|   0|  0|   2|           1|           1|
    |ap_block_pp0_stage10_11001               |        or|   0|  0|   2|           1|           1|
    |ap_block_pp0_stage11_11001               |        or|   0|  0|   2|           1|           1|
    |ap_block_pp0_stage12_11001               |        or|   0|  0|   2|           1|           1|
    |ap_block_pp0_stage13_11001               |        or|   0|  0|   2|           1|           1|
    |ap_block_pp0_stage14_11001               |        or|   0|  0|   2|           1|           1|
    |ap_block_pp0_stage15_11001               |        or|   0|  0|   2|           1|           1|
    |ap_block_pp0_stage16_11001               |        or|   0|  0|   2|           1|           1|
    |ap_block_pp0_stage17_11001               |        or|   0|  0|   2|           1|           1|
    |ap_block_pp0_stage18_11001               |        or|   0|  0|   2|           1|           1|
    |ap_block_pp0_stage19_11001               |        or|   0|  0|   2|           1|           1|
    |ap_block_pp0_stage1_11001                |        or|   0|  0|   2|           1|           1|
    |ap_block_pp0_stage20_11001               |        or|   0|  0|   2|           1|           1|
    |ap_block_pp0_stage21_11001               |        or|   0|  0|   2|           1|           1|
    |ap_block_pp0_stage22_11001               |        or|   0|  0|   2|           1|           1|
    |ap_block_pp0_stage23_11001               |        or|   0|  0|   2|           1|           1|
    |ap_block_pp0_stage24_11001               |        or|   0|  0|   2|           1|           1|
    |ap_block_pp0_stage25_11001               |        or|   0|  0|   2|           1|           1|
    |ap_block_pp0_stage26_11001               |        or|   0|  0|   2|           1|           1|
    |ap_block_pp0_stage27_11001               |        or|   0|  0|   2|           1|           1|
    |ap_block_pp0_stage28_11001               |        or|   0|  0|   2|           1|           1|
    |ap_block_pp0_stage29_11001               |        or|   0|  0|   2|           1|           1|
    |ap_block_pp0_stage2_11001                |        or|   0|  0|   2|           1|           1|
    |ap_block_pp0_stage30_11001               |        or|   0|  0|   2|           1|           1|
    |ap_block_pp0_stage31_11001               |        or|   0|  0|   2|           1|           1|
    |ap_block_pp0_stage3_11001                |        or|   0|  0|   2|           1|           1|
    |ap_block_pp0_stage4_11001                |        or|   0|  0|   2|           1|           1|
    |ap_block_pp0_stage5_11001                |        or|   0|  0|   2|           1|           1|
    |ap_block_pp0_stage6_11001                |        or|   0|  0|   2|           1|           1|
    |ap_block_pp0_stage7_11001                |        or|   0|  0|   2|           1|           1|
    |ap_block_pp0_stage8_11001                |        or|   0|  0|   2|           1|           1|
    |ap_block_pp0_stage9_11001                |        or|   0|  0|   2|           1|           1|
    |select_ln90_10_fu_1632_p3                |    select|   0|  0|   2|           1|           2|
    |select_ln90_11_fu_1661_p3                |    select|   0|  0|   2|           1|           2|
    |select_ln90_12_fu_1690_p3                |    select|   0|  0|   2|           1|           2|
    |select_ln90_13_fu_1719_p3                |    select|   0|  0|   2|           1|           2|
    |select_ln90_14_fu_1748_p3                |    select|   0|  0|   2|           1|           2|
    |select_ln90_15_fu_1777_p3                |    select|   0|  0|   2|           1|           2|
    |select_ln90_16_fu_1806_p3                |    select|   0|  0|   2|           1|           2|
    |select_ln90_17_fu_1835_p3                |    select|   0|  0|   2|           1|           2|
    |select_ln90_18_fu_1864_p3                |    select|   0|  0|   2|           1|           2|
    |select_ln90_19_fu_1893_p3                |    select|   0|  0|   2|           1|           2|
    |select_ln90_1_fu_1371_p3                 |    select|   0|  0|   2|           1|           2|
    |select_ln90_20_fu_1922_p3                |    select|   0|  0|   2|           1|           2|
    |select_ln90_21_fu_1951_p3                |    select|   0|  0|   2|           1|           2|
    |select_ln90_22_fu_1980_p3                |    select|   0|  0|   2|           1|           2|
    |select_ln90_23_fu_2097_p3                |    select|   0|  0|   2|           1|           2|
    |select_ln90_24_fu_2115_p3                |    select|   0|  0|   2|           1|           2|
    |select_ln90_25_fu_2133_p3                |    select|   0|  0|   2|           1|           2|
    |select_ln90_26_fu_2151_p3                |    select|   0|  0|   2|           1|           2|
    |select_ln90_27_fu_2169_p3                |    select|   0|  0|   2|           1|           2|
    |select_ln90_28_fu_2187_p3                |    select|   0|  0|   2|           1|           2|
    |select_ln90_29_fu_2205_p3                |    select|   0|  0|   2|           1|           2|
    |select_ln90_2_fu_1400_p3                 |    select|   0|  0|   2|           1|           2|
    |select_ln90_30_fu_2223_p3                |    select|   0|  0|   2|           1|           2|
    |select_ln90_31_fu_2241_p3                |    select|   0|  0|   2|           1|           2|
    |select_ln90_3_fu_1429_p3                 |    select|   0|  0|   2|           1|           2|
    |select_ln90_4_fu_1458_p3                 |    select|   0|  0|   2|           1|           2|
    |select_ln90_5_fu_1487_p3                 |    select|   0|  0|   2|           1|           2|
    |select_ln90_6_fu_1516_p3                 |    select|   0|  0|   2|           1|           2|
    |select_ln90_7_fu_1545_p3                 |    select|   0|  0|   2|           1|           2|
    |select_ln90_8_fu_1574_p3                 |    select|   0|  0|   2|           1|           2|
    |select_ln90_9_fu_1603_p3                 |    select|   0|  0|   2|           1|           2|
    |select_ln90_fu_1342_p3                   |    select|   0|  0|   2|           1|           2|
    |ap_enable_pp0                            |       xor|   0|  0|   2|           1|           2|
    +-----------------------------------------+----------+----+---+----+------------+------------+
    |Total                                    |          |   0|  0|2769|        2289|         464|
    +-----------------------------------------+----------+----+---+----+------------+------------+

    * Multiplexer: 
    +-----------------------------------+-----+-----------+-----+-----------+
    |                Name               | LUT | Input Size| Bits| Total Bits|
    +-----------------------------------+-----+-----------+-----+-----------+
    |WEIGHTS_blk_n_AR                   |    9|          2|    1|          2|
    |WEIGHTS_blk_n_AW                   |    9|          2|    1|          2|
    |WEIGHTS_blk_n_B                    |    9|          2|    1|          2|
    |WEIGHTS_blk_n_R                    |    9|          2|    1|          2|
    |WEIGHTS_blk_n_W                    |    9|          2|    1|          2|
    |ap_NS_fsm                          |  152|         33|    1|         33|
    |ap_done_int                        |    9|          2|    1|          2|
    |ap_enable_reg_pp0_iter0            |    9|          2|    1|          2|
    |ap_enable_reg_pp0_iter1            |    9|          2|    1|          2|
    |ap_enable_reg_pp0_iter17           |    9|          2|    1|          2|
    |ap_loop_exit_ready_pp0_iter10_reg  |    9|          2|    1|          2|
    |ap_loop_exit_ready_pp0_iter11_reg  |    9|          2|    1|          2|
    |ap_loop_exit_ready_pp0_iter12_reg  |    9|          2|    1|          2|
    |ap_loop_exit_ready_pp0_iter13_reg  |    9|          2|    1|          2|
    |ap_loop_exit_ready_pp0_iter14_reg  |    9|          2|    1|          2|
    |ap_loop_exit_ready_pp0_iter15_reg  |    9|          2|    1|          2|
    |ap_loop_exit_ready_pp0_iter16_reg  |    9|          2|    1|          2|
    |ap_loop_exit_ready_pp0_iter1_reg   |    9|          2|    1|          2|
    |ap_loop_exit_ready_pp0_iter2_reg   |    9|          2|    1|          2|
    |ap_loop_exit_ready_pp0_iter3_reg   |    9|          2|    1|          2|
    |ap_loop_exit_ready_pp0_iter4_reg   |    9|          2|    1|          2|
    |ap_loop_exit_ready_pp0_iter5_reg   |    9|          2|    1|          2|
    |ap_loop_exit_ready_pp0_iter6_reg   |    9|          2|    1|          2|
    |ap_loop_exit_ready_pp0_iter7_reg   |    9|          2|    1|          2|
    |ap_loop_exit_ready_pp0_iter8_reg   |    9|          2|    1|          2|
    |ap_loop_exit_ready_pp0_iter9_reg   |    9|          2|    1|          2|
    |ap_sig_allocacmp_k_1               |    9|          2|    4|          8|
    |k_fu_200                           |    9|          2|    4|          8|
    |m_axi_WEIGHTS_0_ARADDR             |  152|         33|   64|       2112|
    |m_axi_WEIGHTS_0_AWADDR             |  152|         33|   64|       2112|
    |m_axi_WEIGHTS_0_WDATA              |  152|         33|    8|        264|
    +-----------------------------------+-----+-----------+-----+-----------+
    |Total                              |  851|        186|  170|       4587|
    +-----------------------------------+-----+-----------+-----+-----------+

    * Register: 
    +----------------------------------------------+----+----+-----+-----------+
    |                     Name                     | FF | LUT| Bits| Const Bits|
    +----------------------------------------------+----+----+-----+-----------+
    |WEIGHTS_addr_10_read_reg_2959                 |   8|   0|    8|          0|
    |WEIGHTS_addr_10_reg_2952                      |  64|   0|   64|          0|
    |WEIGHTS_addr_11_read_reg_2981                 |   8|   0|    8|          0|
    |WEIGHTS_addr_11_reg_2974                      |  64|   0|   64|          0|
    |WEIGHTS_addr_12_read_reg_3003                 |   8|   0|    8|          0|
    |WEIGHTS_addr_12_reg_2996                      |  64|   0|   64|          0|
    |WEIGHTS_addr_13_read_reg_3025                 |   8|   0|    8|          0|
    |WEIGHTS_addr_13_reg_3018                      |  64|   0|   64|          0|
    |WEIGHTS_addr_14_read_reg_3047                 |   8|   0|    8|          0|
    |WEIGHTS_addr_14_reg_3040                      |  64|   0|   64|          0|
    |WEIGHTS_addr_15_read_reg_3069                 |   8|   0|    8|          0|
    |WEIGHTS_addr_15_reg_3062                      |  64|   0|   64|          0|
    |WEIGHTS_addr_16_read_reg_3091                 |   8|   0|    8|          0|
    |WEIGHTS_addr_16_reg_3084                      |  64|   0|   64|          0|
    |WEIGHTS_addr_17_read_reg_3113                 |   8|   0|    8|          0|
    |WEIGHTS_addr_17_reg_3106                      |  64|   0|   64|          0|
    |WEIGHTS_addr_18_read_reg_3135                 |   8|   0|    8|          0|
    |WEIGHTS_addr_18_reg_3128                      |  64|   0|   64|          0|
    |WEIGHTS_addr_19_read_reg_3157                 |   8|   0|    8|          0|
    |WEIGHTS_addr_19_reg_3150                      |  64|   0|   64|          0|
    |WEIGHTS_addr_1_read_reg_2761                  |   8|   0|    8|          0|
    |WEIGHTS_addr_1_reg_2754                       |  64|   0|   64|          0|
    |WEIGHTS_addr_20_read_reg_3179                 |   8|   0|    8|          0|
    |WEIGHTS_addr_20_reg_3172                      |  64|   0|   64|          0|
    |WEIGHTS_addr_21_read_reg_3201                 |   8|   0|    8|          0|
    |WEIGHTS_addr_21_reg_3194                      |  64|   0|   64|          0|
    |WEIGHTS_addr_22_read_reg_3223                 |   8|   0|    8|          0|
    |WEIGHTS_addr_22_reg_3216                      |  64|   0|   64|          0|
    |WEIGHTS_addr_23_read_reg_3301                 |   8|   0|    8|          0|
    |WEIGHTS_addr_23_reg_3238                      |  64|   0|   64|          0|
    |WEIGHTS_addr_24_read_reg_3316                 |   8|   0|    8|          0|
    |WEIGHTS_addr_24_reg_3245                      |  64|   0|   64|          0|
    |WEIGHTS_addr_25_read_reg_3331                 |   8|   0|    8|          0|
    |WEIGHTS_addr_25_reg_3252                      |  64|   0|   64|          0|
    |WEIGHTS_addr_25_reg_3252_pp0_iter13_reg       |  64|   0|   64|          0|
    |WEIGHTS_addr_26_read_reg_3346                 |   8|   0|    8|          0|
    |WEIGHTS_addr_26_reg_3259                      |  64|   0|   64|          0|
    |WEIGHTS_addr_27_read_reg_3361                 |   8|   0|    8|          0|
    |WEIGHTS_addr_27_reg_3266                      |  64|   0|   64|          0|
    |WEIGHTS_addr_28_read_reg_3376                 |   8|   0|    8|          0|
    |WEIGHTS_addr_28_reg_3273                      |  64|   0|   64|          0|
    |WEIGHTS_addr_29_read_reg_3391                 |   8|   0|    8|          0|
    |WEIGHTS_addr_29_reg_3280                      |  64|   0|   64|          0|
    |WEIGHTS_addr_2_read_reg_2783                  |   8|   0|    8|          0|
    |WEIGHTS_addr_2_reg_2776                       |  64|   0|   64|          0|
    |WEIGHTS_addr_30_read_reg_3406                 |   8|   0|    8|          0|
    |WEIGHTS_addr_30_reg_3287                      |  64|   0|   64|          0|
    |WEIGHTS_addr_31_read_reg_3421                 |   8|   0|    8|          0|
    |WEIGHTS_addr_31_reg_3294                      |  64|   0|   64|          0|
    |WEIGHTS_addr_3_read_reg_2805                  |   8|   0|    8|          0|
    |WEIGHTS_addr_3_reg_2798                       |  64|   0|   64|          0|
    |WEIGHTS_addr_4_read_reg_2827                  |   8|   0|    8|          0|
    |WEIGHTS_addr_4_reg_2820                       |  64|   0|   64|          0|
    |WEIGHTS_addr_5_read_reg_2849                  |   8|   0|    8|          0|
    |WEIGHTS_addr_5_reg_2842                       |  64|   0|   64|          0|
    |WEIGHTS_addr_6_read_reg_2871                  |   8|   0|    8|          0|
    |WEIGHTS_addr_6_reg_2864                       |  64|   0|   64|          0|
    |WEIGHTS_addr_7_read_reg_2893                  |   8|   0|    8|          0|
    |WEIGHTS_addr_7_reg_2886                       |  64|   0|   64|          0|
    |WEIGHTS_addr_8_read_reg_2915                  |   8|   0|    8|          0|
    |WEIGHTS_addr_8_reg_2908                       |  64|   0|   64|          0|
    |WEIGHTS_addr_9_read_reg_2937                  |   8|   0|    8|          0|
    |WEIGHTS_addr_9_reg_2930                       |  64|   0|   64|          0|
    |WEIGHTS_addr_read_reg_2739                    |   8|   0|    8|          0|
    |WEIGHTS_addr_reg_2696                         |  64|   0|   64|          0|
    |add_ln88_reg_2655                             |  64|   0|   64|          0|
    |ap_CS_fsm                                     |  32|   0|   32|          0|
    |ap_block_pp0_stage0_subdone_grp0_done_reg     |   1|   0|    1|          0|
    |ap_block_pp0_stage0_subdone_grp104_done_reg   |   1|   0|    1|          0|
    |ap_block_pp0_stage0_subdone_grp160_done_reg   |   1|   0|    1|          0|
    |ap_block_pp0_stage0_subdone_grp28_done_reg    |   1|   0|    1|          0|
    |ap_block_pp0_stage0_subdone_grp37_done_reg    |   1|   0|    1|          0|
    |ap_block_pp0_stage0_subdone_grp76_done_reg    |   1|   0|    1|          0|
    |ap_block_pp0_stage10_subdone_grp0_done_reg    |   1|   0|    1|          0|
    |ap_block_pp0_stage10_subdone_grp126_done_reg  |   1|   0|    1|          0|
    |ap_block_pp0_stage10_subdone_grp154_done_reg  |   1|   0|    1|          0|
    |ap_block_pp0_stage10_subdone_grp50_done_reg   |   1|   0|    1|          0|
    |ap_block_pp0_stage10_subdone_grp78_done_reg   |   1|   0|    1|          0|
    |ap_block_pp0_stage10_subdone_grp87_done_reg   |   1|   0|    1|          0|
    |ap_block_pp0_stage11_subdone_grp0_done_reg    |   1|   0|    1|          0|
    |ap_block_pp0_stage11_subdone_grp12_done_reg   |   1|   0|    1|          0|
    |ap_block_pp0_stage11_subdone_grp135_done_reg  |   1|   0|    1|          0|
    |ap_block_pp0_stage11_subdone_grp3_done_reg    |   1|   0|    1|          0|
    |ap_block_pp0_stage11_subdone_grp51_done_reg   |   1|   0|    1|          0|
    |ap_block_pp0_stage11_subdone_grp79_done_reg   |   1|   0|    1|          0|
    |ap_block_pp0_stage12_subdone_grp0_done_reg    |   1|   0|    1|          0|
    |ap_block_pp0_stage12_subdone_grp136_done_reg  |   1|   0|    1|          0|
    |ap_block_pp0_stage12_subdone_grp4_done_reg    |   1|   0|    1|          0|
    |ap_block_pp0_stage12_subdone_grp60_done_reg   |   1|   0|    1|          0|
    |ap_block_pp0_stage12_subdone_grp88_done_reg   |   1|   0|    1|          0|
    |ap_block_pp0_stage12_subdone_grp97_done_reg   |   1|   0|    1|          0|
    |ap_block_pp0_stage13_subdone_grp0_done_reg    |   1|   0|    1|          0|
    |ap_block_pp0_stage13_subdone_grp13_done_reg   |   1|   0|    1|          0|
    |ap_block_pp0_stage13_subdone_grp145_done_reg  |   1|   0|    1|          0|
    |ap_block_pp0_stage13_subdone_grp22_done_reg   |   1|   0|    1|          0|
    |ap_block_pp0_stage13_subdone_grp61_done_reg   |   1|   0|    1|          0|
    |ap_block_pp0_stage13_subdone_grp89_done_reg   |   1|   0|    1|          0|
    |ap_block_pp0_stage14_subdone_grp0_done_reg    |   1|   0|    1|          0|
    |ap_block_pp0_stage14_subdone_grp107_done_reg  |   1|   0|    1|          0|
    |ap_block_pp0_stage14_subdone_grp146_done_reg  |   1|   0|    1|          0|
    |ap_block_pp0_stage14_subdone_grp14_done_reg   |   1|   0|    1|          0|
    |ap_block_pp0_stage14_subdone_grp70_done_reg   |   1|   0|    1|          0|
    |ap_block_pp0_stage14_subdone_grp98_done_reg   |   1|   0|    1|          0|
    |ap_block_pp0_stage15_subdone_grp0_done_reg    |   1|   0|    1|          0|
    |ap_block_pp0_stage15_subdone_grp155_done_reg  |   1|   0|    1|          0|
    |ap_block_pp0_stage15_subdone_grp23_done_reg   |   1|   0|    1|          0|
    |ap_block_pp0_stage15_subdone_grp32_done_reg   |   1|   0|    1|          0|
    |ap_block_pp0_stage15_subdone_grp71_done_reg   |   1|   0|    1|          0|
    |ap_block_pp0_stage15_subdone_grp99_done_reg   |   1|   0|    1|          0|
    |ap_block_pp0_stage16_subdone_grp0_done_reg    |   1|   0|    1|          0|
    |ap_block_pp0_stage16_subdone_grp108_done_reg  |   1|   0|    1|          0|
    |ap_block_pp0_stage16_subdone_grp117_done_reg  |   1|   0|    1|          0|
    |ap_block_pp0_stage16_subdone_grp156_done_reg  |   1|   0|    1|          0|
    |ap_block_pp0_stage16_subdone_grp24_done_reg   |   1|   0|    1|          0|
    |ap_block_pp0_stage16_subdone_grp80_done_reg   |   1|   0|    1|          0|
    |ap_block_pp0_stage17_subdone_grp0_done_reg    |   1|   0|    1|          0|
    |ap_block_pp0_stage17_subdone_grp109_done_reg  |   1|   0|    1|          0|
    |ap_block_pp0_stage17_subdone_grp33_done_reg   |   1|   0|    1|          0|
    |ap_block_pp0_stage17_subdone_grp42_done_reg   |   1|   0|    1|          0|
    |ap_block_pp0_stage17_subdone_grp5_done_reg    |   1|   0|    1|          0|
    |ap_block_pp0_stage17_subdone_grp81_done_reg   |   1|   0|    1|          0|
    |ap_block_pp0_stage18_subdone_grp0_done_reg    |   1|   0|    1|          0|
    |ap_block_pp0_stage18_subdone_grp118_done_reg  |   1|   0|    1|          0|
    |ap_block_pp0_stage18_subdone_grp127_done_reg  |   1|   0|    1|          0|
    |ap_block_pp0_stage18_subdone_grp34_done_reg   |   1|   0|    1|          0|
    |ap_block_pp0_stage18_subdone_grp6_done_reg    |   1|   0|    1|          0|
    |ap_block_pp0_stage18_subdone_grp90_done_reg   |   1|   0|    1|          0|
    |ap_block_pp0_stage19_subdone_grp0_done_reg    |   1|   0|    1|          0|
    |ap_block_pp0_stage19_subdone_grp119_done_reg  |   1|   0|    1|          0|
    |ap_block_pp0_stage19_subdone_grp15_done_reg   |   1|   0|    1|          0|
    |ap_block_pp0_stage19_subdone_grp43_done_reg   |   1|   0|    1|          0|
    |ap_block_pp0_stage19_subdone_grp52_done_reg   |   1|   0|    1|          0|
    |ap_block_pp0_stage19_subdone_grp91_done_reg   |   1|   0|    1|          0|
    |ap_block_pp0_stage1_subdone_grp0_done_reg     |   1|   0|    1|          0|
    |ap_block_pp0_stage1_subdone_grp113_done_reg   |   1|   0|    1|          0|
    |ap_block_pp0_stage1_subdone_grp122_done_reg   |   1|   0|    1|          0|
    |ap_block_pp0_stage1_subdone_grp1_done_reg     |   1|   0|    1|          0|
    |ap_block_pp0_stage1_subdone_grp29_done_reg    |   1|   0|    1|          0|
    |ap_block_pp0_stage1_subdone_grp85_done_reg    |   1|   0|    1|          0|
    |ap_block_pp0_stage20_subdone_grp0_done_reg    |   1|   0|    1|          0|
    |ap_block_pp0_stage20_subdone_grp100_done_reg  |   1|   0|    1|          0|
    |ap_block_pp0_stage20_subdone_grp128_done_reg  |   1|   0|    1|          0|
    |ap_block_pp0_stage20_subdone_grp137_done_reg  |   1|   0|    1|          0|
    |ap_block_pp0_stage20_subdone_grp16_done_reg   |   1|   0|    1|          0|
    |ap_block_pp0_stage20_subdone_grp44_done_reg   |   1|   0|    1|          0|
    |ap_block_pp0_stage21_subdone_grp0_done_reg    |   1|   0|    1|          0|
    |ap_block_pp0_stage21_subdone_grp101_done_reg  |   1|   0|    1|          0|
    |ap_block_pp0_stage21_subdone_grp129_done_reg  |   1|   0|    1|          0|
    |ap_block_pp0_stage21_subdone_grp25_done_reg   |   1|   0|    1|          0|
    |ap_block_pp0_stage21_subdone_grp53_done_reg   |   1|   0|    1|          0|
    |ap_block_pp0_stage21_subdone_grp62_done_reg   |   1|   0|    1|          0|
    |ap_block_pp0_stage22_subdone_grp0_done_reg    |   1|   0|    1|          0|
    |ap_block_pp0_stage22_subdone_grp110_done_reg  |   1|   0|    1|          0|
    |ap_block_pp0_stage22_subdone_grp138_done_reg  |   1|   0|    1|          0|
    |ap_block_pp0_stage22_subdone_grp147_done_reg  |   1|   0|    1|          0|
    |ap_block_pp0_stage22_subdone_grp26_done_reg   |   1|   0|    1|          0|
    |ap_block_pp0_stage22_subdone_grp54_done_reg   |   1|   0|    1|          0|
    |ap_block_pp0_stage23_subdone_grp0_done_reg    |   1|   0|    1|          0|
    |ap_block_pp0_stage23_subdone_grp111_done_reg  |   1|   0|    1|          0|
    |ap_block_pp0_stage23_subdone_grp139_done_reg  |   1|   0|    1|          0|
    |ap_block_pp0_stage23_subdone_grp35_done_reg   |   1|   0|    1|          0|
    |ap_block_pp0_stage23_subdone_grp63_done_reg   |   1|   0|    1|          0|
    |ap_block_pp0_stage23_subdone_grp72_done_reg   |   1|   0|    1|          0|
    |ap_block_pp0_stage24_subdone_grp0_done_reg    |   1|   0|    1|          0|
    |ap_block_pp0_stage24_subdone_grp120_done_reg  |   1|   0|    1|          0|
    |ap_block_pp0_stage24_subdone_grp148_done_reg  |   1|   0|    1|          0|
    |ap_block_pp0_stage24_subdone_grp157_done_reg  |   1|   0|    1|          0|
    |ap_block_pp0_stage24_subdone_grp36_done_reg   |   1|   0|    1|          0|
    |ap_block_pp0_stage24_subdone_grp64_done_reg   |   1|   0|    1|          0|
    |ap_block_pp0_stage25_subdone_grp0_done_reg    |   1|   0|    1|          0|
    |ap_block_pp0_stage25_subdone_grp121_done_reg  |   1|   0|    1|          0|
    |ap_block_pp0_stage25_subdone_grp149_done_reg  |   1|   0|    1|          0|
    |ap_block_pp0_stage25_subdone_grp45_done_reg   |   1|   0|    1|          0|
    |ap_block_pp0_stage25_subdone_grp73_done_reg   |   1|   0|    1|          0|
    |ap_block_pp0_stage25_subdone_grp82_done_reg   |   1|   0|    1|          0|
    |ap_block_pp0_stage26_subdone_grp0_done_reg    |   1|   0|    1|          0|
    |ap_block_pp0_stage26_subdone_grp130_done_reg  |   1|   0|    1|          0|
    |ap_block_pp0_stage26_subdone_grp158_done_reg  |   1|   0|    1|          0|
    |ap_block_pp0_stage26_subdone_grp46_done_reg   |   1|   0|    1|          0|
    |ap_block_pp0_stage26_subdone_grp74_done_reg   |   1|   0|    1|          0|
    |ap_block_pp0_stage26_subdone_grp7_done_reg    |   1|   0|    1|          0|
    |ap_block_pp0_stage27_subdone_grp0_done_reg    |   1|   0|    1|          0|
    |ap_block_pp0_stage27_subdone_grp131_done_reg  |   1|   0|    1|          0|
    |ap_block_pp0_stage27_subdone_grp159_done_reg  |   1|   0|    1|          0|
    |ap_block_pp0_stage27_subdone_grp55_done_reg   |   1|   0|    1|          0|
    |ap_block_pp0_stage27_subdone_grp83_done_reg   |   1|   0|    1|          0|
    |ap_block_pp0_stage27_subdone_grp92_done_reg   |   1|   0|    1|          0|
    |ap_block_pp0_stage28_subdone_grp0_done_reg    |   1|   0|    1|          0|
    |ap_block_pp0_stage28_subdone_grp140_done_reg  |   1|   0|    1|          0|
    |ap_block_pp0_stage28_subdone_grp17_done_reg   |   1|   0|    1|          0|
    |ap_block_pp0_stage28_subdone_grp56_done_reg   |   1|   0|    1|          0|
    |ap_block_pp0_stage28_subdone_grp84_done_reg   |   1|   0|    1|          0|
    |ap_block_pp0_stage28_subdone_grp8_done_reg    |   1|   0|    1|          0|
    |ap_block_pp0_stage29_subdone_grp0_done_reg    |   1|   0|    1|          0|
    |ap_block_pp0_stage29_subdone_grp102_done_reg  |   1|   0|    1|          0|
    |ap_block_pp0_stage29_subdone_grp141_done_reg  |   1|   0|    1|          0|
    |ap_block_pp0_stage29_subdone_grp65_done_reg   |   1|   0|    1|          0|
    |ap_block_pp0_stage29_subdone_grp93_done_reg   |   1|   0|    1|          0|
    |ap_block_pp0_stage29_subdone_grp9_done_reg    |   1|   0|    1|          0|
    |ap_block_pp0_stage2_subdone_grp0_done_reg     |   1|   0|    1|          0|
    |ap_block_pp0_stage2_subdone_grp10_done_reg    |   1|   0|    1|          0|
    |ap_block_pp0_stage2_subdone_grp114_done_reg   |   1|   0|    1|          0|
    |ap_block_pp0_stage2_subdone_grp38_done_reg    |   1|   0|    1|          0|
    |ap_block_pp0_stage2_subdone_grp47_done_reg    |   1|   0|    1|          0|
    |ap_block_pp0_stage2_subdone_grp86_done_reg    |   1|   0|    1|          0|
    |ap_block_pp0_stage30_subdone_grp0_done_reg    |   1|   0|    1|          0|
    |ap_block_pp0_stage30_subdone_grp150_done_reg  |   1|   0|    1|          0|
    |ap_block_pp0_stage30_subdone_grp18_done_reg   |   1|   0|    1|          0|
    |ap_block_pp0_stage30_subdone_grp27_done_reg   |   1|   0|    1|          0|
    |ap_block_pp0_stage30_subdone_grp66_done_reg   |   1|   0|    1|          0|
    |ap_block_pp0_stage30_subdone_grp94_done_reg   |   1|   0|    1|          0|
    |ap_block_pp0_stage31_subdone_grp0_done_reg    |   1|   0|    1|          0|
    |ap_block_pp0_stage31_subdone_grp103_done_reg  |   1|   0|    1|          0|
    |ap_block_pp0_stage31_subdone_grp112_done_reg  |   1|   0|    1|          0|
    |ap_block_pp0_stage31_subdone_grp151_done_reg  |   1|   0|    1|          0|
    |ap_block_pp0_stage31_subdone_grp19_done_reg   |   1|   0|    1|          0|
    |ap_block_pp0_stage31_subdone_grp75_done_reg   |   1|   0|    1|          0|
    |ap_block_pp0_stage3_subdone_grp0_done_reg     |   1|   0|    1|          0|
    |ap_block_pp0_stage3_subdone_grp11_done_reg    |   1|   0|    1|          0|
    |ap_block_pp0_stage3_subdone_grp123_done_reg   |   1|   0|    1|          0|
    |ap_block_pp0_stage3_subdone_grp132_done_reg   |   1|   0|    1|          0|
    |ap_block_pp0_stage3_subdone_grp39_done_reg    |   1|   0|    1|          0|
    |ap_block_pp0_stage3_subdone_grp95_done_reg    |   1|   0|    1|          0|
    |ap_block_pp0_stage4_subdone_grp0_done_reg     |   1|   0|    1|          0|
    |ap_block_pp0_stage4_subdone_grp124_done_reg   |   1|   0|    1|          0|
    |ap_block_pp0_stage4_subdone_grp20_done_reg    |   1|   0|    1|          0|
    |ap_block_pp0_stage4_subdone_grp48_done_reg    |   1|   0|    1|          0|
    |ap_block_pp0_stage4_subdone_grp57_done_reg    |   1|   0|    1|          0|
    |ap_block_pp0_stage4_subdone_grp96_done_reg    |   1|   0|    1|          0|
    |ap_block_pp0_stage5_subdone_grp0_done_reg     |   1|   0|    1|          0|
    |ap_block_pp0_stage5_subdone_grp105_done_reg   |   1|   0|    1|          0|
    |ap_block_pp0_stage5_subdone_grp133_done_reg   |   1|   0|    1|          0|
    |ap_block_pp0_stage5_subdone_grp142_done_reg   |   1|   0|    1|          0|
    |ap_block_pp0_stage5_subdone_grp21_done_reg    |   1|   0|    1|          0|
    |ap_block_pp0_stage5_subdone_grp49_done_reg    |   1|   0|    1|          0|
    |ap_block_pp0_stage6_subdone_grp0_done_reg     |   1|   0|    1|          0|
    |ap_block_pp0_stage6_subdone_grp106_done_reg   |   1|   0|    1|          0|
    |ap_block_pp0_stage6_subdone_grp134_done_reg   |   1|   0|    1|          0|
    |ap_block_pp0_stage6_subdone_grp30_done_reg    |   1|   0|    1|          0|
    |ap_block_pp0_stage6_subdone_grp58_done_reg    |   1|   0|    1|          0|
    |ap_block_pp0_stage6_subdone_grp67_done_reg    |   1|   0|    1|          0|
    |ap_block_pp0_stage7_subdone_grp0_done_reg     |   1|   0|    1|          0|
    |ap_block_pp0_stage7_subdone_grp115_done_reg   |   1|   0|    1|          0|
    |ap_block_pp0_stage7_subdone_grp143_done_reg   |   1|   0|    1|          0|
    |ap_block_pp0_stage7_subdone_grp152_done_reg   |   1|   0|    1|          0|
    |ap_block_pp0_stage7_subdone_grp31_done_reg    |   1|   0|    1|          0|
    |ap_block_pp0_stage7_subdone_grp59_done_reg    |   1|   0|    1|          0|
    |ap_block_pp0_stage8_subdone_grp0_done_reg     |   1|   0|    1|          0|
    |ap_block_pp0_stage8_subdone_grp116_done_reg   |   1|   0|    1|          0|
    |ap_block_pp0_stage8_subdone_grp144_done_reg   |   1|   0|    1|          0|
    |ap_block_pp0_stage8_subdone_grp40_done_reg    |   1|   0|    1|          0|
    |ap_block_pp0_stage8_subdone_grp68_done_reg    |   1|   0|    1|          0|
    |ap_block_pp0_stage8_subdone_grp77_done_reg    |   1|   0|    1|          0|
    |ap_block_pp0_stage9_subdone_grp0_done_reg     |   1|   0|    1|          0|
    |ap_block_pp0_stage9_subdone_grp125_done_reg   |   1|   0|    1|          0|
    |ap_block_pp0_stage9_subdone_grp153_done_reg   |   1|   0|    1|          0|
    |ap_block_pp0_stage9_subdone_grp2_done_reg     |   1|   0|    1|          0|
    |ap_block_pp0_stage9_subdone_grp41_done_reg    |   1|   0|    1|          0|
    |ap_block_pp0_stage9_subdone_grp69_done_reg    |   1|   0|    1|          0|
    |ap_done_reg                                   |   1|   0|    1|          0|
    |ap_enable_reg_pp0_iter0_reg                   |   1|   0|    1|          0|
    |ap_enable_reg_pp0_iter1                       |   1|   0|    1|          0|
    |ap_enable_reg_pp0_iter10                      |   1|   0|    1|          0|
    |ap_enable_reg_pp0_iter11                      |   1|   0|    1|          0|
    |ap_enable_reg_pp0_iter12                      |   1|   0|    1|          0|
    |ap_enable_reg_pp0_iter13                      |   1|   0|    1|          0|
    |ap_enable_reg_pp0_iter14                      |   1|   0|    1|          0|
    |ap_enable_reg_pp0_iter15                      |   1|   0|    1|          0|
    |ap_enable_reg_pp0_iter16                      |   1|   0|    1|          0|
    |ap_enable_reg_pp0_iter17                      |   1|   0|    1|          0|
    |ap_enable_reg_pp0_iter2                       |   1|   0|    1|          0|
    |ap_enable_reg_pp0_iter3                       |   1|   0|    1|          0|
    |ap_enable_reg_pp0_iter4                       |   1|   0|    1|          0|
    |ap_enable_reg_pp0_iter5                       |   1|   0|    1|          0|
    |ap_enable_reg_pp0_iter6                       |   1|   0|    1|          0|
    |ap_enable_reg_pp0_iter7                       |   1|   0|    1|          0|
    |ap_enable_reg_pp0_iter8                       |   1|   0|    1|          0|
    |ap_enable_reg_pp0_iter9                       |   1|   0|    1|          0|
    |ap_loop_exit_ready_pp0_iter10_reg             |   1|   0|    1|          0|
    |ap_loop_exit_ready_pp0_iter11_reg             |   1|   0|    1|          0|
    |ap_loop_exit_ready_pp0_iter12_reg             |   1|   0|    1|          0|
    |ap_loop_exit_ready_pp0_iter13_reg             |   1|   0|    1|          0|
    |ap_loop_exit_ready_pp0_iter14_reg             |   1|   0|    1|          0|
    |ap_loop_exit_ready_pp0_iter15_reg             |   1|   0|    1|          0|
    |ap_loop_exit_ready_pp0_iter16_reg             |   1|   0|    1|          0|
    |ap_loop_exit_ready_pp0_iter1_reg              |   1|   0|    1|          0|
    |ap_loop_exit_ready_pp0_iter2_reg              |   1|   0|    1|          0|
    |ap_loop_exit_ready_pp0_iter3_reg              |   1|   0|    1|          0|
    |ap_loop_exit_ready_pp0_iter4_reg              |   1|   0|    1|          0|
    |ap_loop_exit_ready_pp0_iter5_reg              |   1|   0|    1|          0|
    |ap_loop_exit_ready_pp0_iter6_reg              |   1|   0|    1|          0|
    |ap_loop_exit_ready_pp0_iter7_reg              |   1|   0|    1|          0|
    |ap_loop_exit_ready_pp0_iter8_reg              |   1|   0|    1|          0|
    |ap_loop_exit_ready_pp0_iter9_reg              |   1|   0|    1|          0|
    |delta_reg_2691                                |   3|   0|    3|          0|
    |hidden_load_cast248_cast_reg_2636             |   5|   0|    5|          0|
    |hidden_pos_load_10_cast259_cast_reg_2581      |   5|   0|    5|          0|
    |hidden_pos_load_11_cast260_cast_reg_2576      |   5|   0|    5|          0|
    |hidden_pos_load_12_cast261_cast_reg_2571      |   5|   0|    5|          0|
    |hidden_pos_load_13_cast262_cast_reg_2566      |   5|   0|    5|          0|
    |hidden_pos_load_14_cast263_cast_reg_2561      |   5|   0|    5|          0|
    |hidden_pos_load_15_cast264_cast_reg_2556      |   5|   0|    5|          0|
    |hidden_pos_load_16_cast265_cast_reg_2551      |   5|   0|    5|          0|
    |hidden_pos_load_17_cast266_cast_reg_2546      |   5|   0|    5|          0|
    |hidden_pos_load_18_cast267_cast_reg_2541      |   5|   0|    5|          0|
    |hidden_pos_load_19_cast268_cast_reg_2536      |   5|   0|    5|          0|
    |hidden_pos_load_1_cast250_cast_reg_2626       |   5|   0|    5|          0|
    |hidden_pos_load_20_cast269_cast_reg_2531      |   5|   0|    5|          0|
    |hidden_pos_load_21_cast270_cast_reg_2526      |   5|   0|    5|          0|
    |hidden_pos_load_22_cast271_cast_reg_2521      |   5|   0|    5|          0|
    |hidden_pos_load_23_cast272_cast_reg_2516      |   5|   0|    5|          0|
    |hidden_pos_load_24_cast273_cast_reg_2511      |   5|   0|    5|          0|
    |hidden_pos_load_25_cast274_cast_reg_2506      |   5|   0|    5|          0|
    |hidden_pos_load_26_cast275_cast_reg_2501      |   5|   0|    5|          0|
    |hidden_pos_load_27_cast276_cast_reg_2496      |   5|   0|    5|          0|
    |hidden_pos_load_28_cast277_cast_reg_2491      |   5|   0|    5|          0|
    |hidden_pos_load_29_cast278_cast_reg_2486      |   5|   0|    5|          0|
    |hidden_pos_load_2_cast251_cast_reg_2621       |   5|   0|    5|          0|
    |hidden_pos_load_3_cast252_cast_reg_2616       |   5|   0|    5|          0|
    |hidden_pos_load_4_cast253_cast_reg_2611       |   5|   0|    5|          0|
    |hidden_pos_load_5_cast254_cast_reg_2606       |   5|   0|    5|          0|
    |hidden_pos_load_6_cast255_cast_reg_2601       |   5|   0|    5|          0|
    |hidden_pos_load_7_cast256_cast_reg_2596       |   5|   0|    5|          0|
    |hidden_pos_load_8_cast257_cast_reg_2591       |   5|   0|    5|          0|
    |hidden_pos_load_9_cast258_cast_reg_2586       |   5|   0|    5|          0|
    |hidden_pos_load_cast249_cast_reg_2631         |   5|   0|    5|          0|
    |icmp_ln85_reg_2641                            |   1|   0|    1|          0|
    |k_fu_200                                      |   4|   0|    4|          0|
    |select_ln90_10_reg_2969                       |   7|   0|    8|          1|
    |select_ln90_11_reg_2991                       |   7|   0|    8|          1|
    |select_ln90_12_reg_3013                       |   7|   0|    8|          1|
    |select_ln90_13_reg_3035                       |   7|   0|    8|          1|
    |select_ln90_14_reg_3057                       |   7|   0|    8|          1|
    |select_ln90_15_reg_3079                       |   7|   0|    8|          1|
    |select_ln90_16_reg_3101                       |   7|   0|    8|          1|
    |select_ln90_17_reg_3123                       |   7|   0|    8|          1|
    |select_ln90_18_reg_3145                       |   7|   0|    8|          1|
    |select_ln90_19_reg_3167                       |   7|   0|    8|          1|
    |select_ln90_1_reg_2771                        |   7|   0|    8|          1|
    |select_ln90_20_reg_3189                       |   7|   0|    8|          1|
    |select_ln90_21_reg_3211                       |   7|   0|    8|          1|
    |select_ln90_22_reg_3233                       |   7|   0|    8|          1|
    |select_ln90_23_reg_3311                       |   7|   0|    8|          1|
    |select_ln90_24_reg_3326                       |   7|   0|    8|          1|
    |select_ln90_25_reg_3341                       |   7|   0|    8|          1|
    |select_ln90_26_reg_3356                       |   7|   0|    8|          1|
    |select_ln90_27_reg_3371                       |   7|   0|    8|          1|
    |select_ln90_28_reg_3386                       |   7|   0|    8|          1|
    |select_ln90_29_reg_3401                       |   7|   0|    8|          1|
    |select_ln90_2_reg_2793                        |   7|   0|    8|          1|
    |select_ln90_30_reg_3416                       |   7|   0|    8|          1|
    |select_ln90_31_reg_3431                       |   7|   0|    8|          1|
    |select_ln90_3_reg_2815                        |   7|   0|    8|          1|
    |select_ln90_4_reg_2837                        |   7|   0|    8|          1|
    |select_ln90_5_reg_2859                        |   7|   0|    8|          1|
    |select_ln90_6_reg_2881                        |   7|   0|    8|          1|
    |select_ln90_7_reg_2903                        |   7|   0|    8|          1|
    |select_ln90_8_reg_2925                        |   7|   0|    8|          1|
    |select_ln90_9_reg_2947                        |   7|   0|    8|          1|
    |select_ln90_reg_2749                          |   7|   0|    8|          1|
    |sext_ln45_cast_reg_2481                       |   5|   0|    5|          0|
    |sext_ln89_1_reg_2703                          |   5|   0|    5|          0|
    |WEIGHTS_addr_26_reg_3259                      |  64|  32|   64|          0|
    |WEIGHTS_addr_27_reg_3266                      |  64|  32|   64|          0|
    |WEIGHTS_addr_28_reg_3273                      |  64|  32|   64|          0|
    |WEIGHTS_addr_29_reg_3280                      |  64|  32|   64|          0|
    |WEIGHTS_addr_30_reg_3287                      |  64|  32|   64|          0|
    |WEIGHTS_addr_31_reg_3294                      |  64|  32|   64|          0|
    |add_ln88_reg_2655                             |  64|  32|   64|          0|
    |icmp_ln85_reg_2641                            |  64|  32|    1|          0|
    |sext_ln89_1_reg_2703                          |  64|  32|    5|          0|
    +----------------------------------------------+----+----+-----+-----------+
    |Total                                         |3664| 288| 3574|         32|
    +----------------------------------------------+----+----+-----+-----------+



================================================================
== Interface
================================================================
* Summary: 
+----------------------------+-----+-----+------------+-------------------------------------+--------------+
|          RTL Ports         | Dir | Bits|  Protocol  |            Source Object            |    C Type    |
+----------------------------+-----+-----+------------+-------------------------------------+--------------+
|ap_clk                      |   in|    1|  ap_ctrl_hs|  train_step_Pipeline_VITIS_LOOP_85_1|  return value|
|ap_rst                      |   in|    1|  ap_ctrl_hs|  train_step_Pipeline_VITIS_LOOP_85_1|  return value|
|ap_start                    |   in|    1|  ap_ctrl_hs|  train_step_Pipeline_VITIS_LOOP_85_1|  return value|
|ap_done                     |  out|    1|  ap_ctrl_hs|  train_step_Pipeline_VITIS_LOOP_85_1|  return value|
|ap_idle                     |  out|    1|  ap_ctrl_hs|  train_step_Pipeline_VITIS_LOOP_85_1|  return value|
|ap_ready                    |  out|    1|  ap_ctrl_hs|  train_step_Pipeline_VITIS_LOOP_85_1|  return value|
|m_axi_WEIGHTS_0_AWVALID     |  out|    1|       m_axi|                              WEIGHTS|       pointer|
|m_axi_WEIGHTS_0_AWREADY     |   in|    1|       m_axi|                              WEIGHTS|       pointer|
|m_axi_WEIGHTS_0_AWADDR      |  out|   64|       m_axi|                              WEIGHTS|       pointer|
|m_axi_WEIGHTS_0_AWID        |  out|    1|       m_axi|                              WEIGHTS|       pointer|
|m_axi_WEIGHTS_0_AWLEN       |  out|   32|       m_axi|                              WEIGHTS|       pointer|
|m_axi_WEIGHTS_0_AWSIZE      |  out|    3|       m_axi|                              WEIGHTS|       pointer|
|m_axi_WEIGHTS_0_AWBURST     |  out|    2|       m_axi|                              WEIGHTS|       pointer|
|m_axi_WEIGHTS_0_AWLOCK      |  out|    2|       m_axi|                              WEIGHTS|       pointer|
|m_axi_WEIGHTS_0_AWCACHE     |  out|    4|       m_axi|                              WEIGHTS|       pointer|
|m_axi_WEIGHTS_0_AWPROT      |  out|    3|       m_axi|                              WEIGHTS|       pointer|
|m_axi_WEIGHTS_0_AWQOS       |  out|    4|       m_axi|                              WEIGHTS|       pointer|
|m_axi_WEIGHTS_0_AWREGION    |  out|    4|       m_axi|                              WEIGHTS|       pointer|
|m_axi_WEIGHTS_0_AWUSER      |  out|    1|       m_axi|                              WEIGHTS|       pointer|
|m_axi_WEIGHTS_0_WVALID      |  out|    1|       m_axi|                              WEIGHTS|       pointer|
|m_axi_WEIGHTS_0_WREADY      |   in|    1|       m_axi|                              WEIGHTS|       pointer|
|m_axi_WEIGHTS_0_WDATA       |  out|    8|       m_axi|                              WEIGHTS|       pointer|
|m_axi_WEIGHTS_0_WSTRB       |  out|    1|       m_axi|                              WEIGHTS|       pointer|
|m_axi_WEIGHTS_0_WLAST       |  out|    1|       m_axi|                              WEIGHTS|       pointer|
|m_axi_WEIGHTS_0_WID         |  out|    1|       m_axi|                              WEIGHTS|       pointer|
|m_axi_WEIGHTS_0_WUSER       |  out|    1|       m_axi|                              WEIGHTS|       pointer|
|m_axi_WEIGHTS_0_ARVALID     |  out|    1|       m_axi|                              WEIGHTS|       pointer|
|m_axi_WEIGHTS_0_ARREADY     |   in|    1|       m_axi|                              WEIGHTS|       pointer|
|m_axi_WEIGHTS_0_ARADDR      |  out|   64|       m_axi|                              WEIGHTS|       pointer|
|m_axi_WEIGHTS_0_ARID        |  out|    1|       m_axi|                              WEIGHTS|       pointer|
|m_axi_WEIGHTS_0_ARLEN       |  out|   32|       m_axi|                              WEIGHTS|       pointer|
|m_axi_WEIGHTS_0_ARSIZE      |  out|    3|       m_axi|                              WEIGHTS|       pointer|
|m_axi_WEIGHTS_0_ARBURST     |  out|    2|       m_axi|                              WEIGHTS|       pointer|
|m_axi_WEIGHTS_0_ARLOCK      |  out|    2|       m_axi|                              WEIGHTS|       pointer|
|m_axi_WEIGHTS_0_ARCACHE     |  out|    4|       m_axi|                              WEIGHTS|       pointer|
|m_axi_WEIGHTS_0_ARPROT      |  out|    3|       m_axi|                              WEIGHTS|       pointer|
|m_axi_WEIGHTS_0_ARQOS       |  out|    4|       m_axi|                              WEIGHTS|       pointer|
|m_axi_WEIGHTS_0_ARREGION    |  out|    4|       m_axi|                              WEIGHTS|       pointer|
|m_axi_WEIGHTS_0_ARUSER      |  out|    1|       m_axi|                              WEIGHTS|       pointer|
|m_axi_WEIGHTS_0_RVALID      |   in|    1|       m_axi|                              WEIGHTS|       pointer|
|m_axi_WEIGHTS_0_RREADY      |  out|    1|       m_axi|                              WEIGHTS|       pointer|
|m_axi_WEIGHTS_0_RDATA       |   in|    8|       m_axi|                              WEIGHTS|       pointer|
|m_axi_WEIGHTS_0_RLAST       |   in|    1|       m_axi|                              WEIGHTS|       pointer|
|m_axi_WEIGHTS_0_RID         |   in|    1|       m_axi|                              WEIGHTS|       pointer|
|m_axi_WEIGHTS_0_RFIFONUM    |   in|   11|       m_axi|                              WEIGHTS|       pointer|
|m_axi_WEIGHTS_0_RUSER       |   in|    1|       m_axi|                              WEIGHTS|       pointer|
|m_axi_WEIGHTS_0_RRESP       |   in|    2|       m_axi|                              WEIGHTS|       pointer|
|m_axi_WEIGHTS_0_BVALID      |   in|    1|       m_axi|                              WEIGHTS|       pointer|
|m_axi_WEIGHTS_0_BREADY      |  out|    1|       m_axi|                              WEIGHTS|       pointer|
|m_axi_WEIGHTS_0_BRESP       |   in|    2|       m_axi|                              WEIGHTS|       pointer|
|m_axi_WEIGHTS_0_BID         |   in|    1|       m_axi|                              WEIGHTS|       pointer|
|m_axi_WEIGHTS_0_BUSER       |   in|    1|       m_axi|                              WEIGHTS|       pointer|
|out_pos_address0            |  out|    4|   ap_memory|                              out_pos|         array|
|out_pos_ce0                 |  out|    1|   ap_memory|                              out_pos|         array|
|out_pos_q0                  |   in|    2|   ap_memory|                              out_pos|         array|
|out_neg_address0            |  out|    4|   ap_memory|                              out_neg|         array|
|out_neg_ce0                 |  out|    1|   ap_memory|                              out_neg|         array|
|out_neg_q0                  |   in|    2|   ap_memory|                              out_neg|         array|
|W2                          |   in|   64|     ap_none|                                   W2|        scalar|
|hidden_load_cast248         |   in|    2|     ap_none|                  hidden_load_cast248|        scalar|
|hidden_pos_load_cast249     |   in|    2|     ap_none|              hidden_pos_load_cast249|        scalar|
|hidden_pos_load_1_cast250   |   in|    2|     ap_none|            hidden_pos_load_1_cast250|        scalar|
|hidden_pos_load_2_cast251   |   in|    2|     ap_none|            hidden_pos_load_2_cast251|        scalar|
|hidden_pos_load_3_cast252   |   in|    2|     ap_none|            hidden_pos_load_3_cast252|        scalar|
|hidden_pos_load_4_cast253   |   in|    2|     ap_none|            hidden_pos_load_4_cast253|        scalar|
|hidden_pos_load_5_cast254   |   in|    2|     ap_none|            hidden_pos_load_5_cast254|        scalar|
|hidden_pos_load_6_cast255   |   in|    2|     ap_none|            hidden_pos_load_6_cast255|        scalar|
|hidden_pos_load_7_cast256   |   in|    2|     ap_none|            hidden_pos_load_7_cast256|        scalar|
|hidden_pos_load_8_cast257   |   in|    2|     ap_none|            hidden_pos_load_8_cast257|        scalar|
|hidden_pos_load_9_cast258   |   in|    2|     ap_none|            hidden_pos_load_9_cast258|        scalar|
|hidden_pos_load_10_cast259  |   in|    2|     ap_none|           hidden_pos_load_10_cast259|        scalar|
|hidden_pos_load_11_cast260  |   in|    2|     ap_none|           hidden_pos_load_11_cast260|        scalar|
|hidden_pos_load_12_cast261  |   in|    2|     ap_none|           hidden_pos_load_12_cast261|        scalar|
|hidden_pos_load_13_cast262  |   in|    2|     ap_none|           hidden_pos_load_13_cast262|        scalar|
|hidden_pos_load_14_cast263  |   in|    2|     ap_none|           hidden_pos_load_14_cast263|        scalar|
|hidden_pos_load_15_cast264  |   in|    2|     ap_none|           hidden_pos_load_15_cast264|        scalar|
|hidden_pos_load_16_cast265  |   in|    2|     ap_none|           hidden_pos_load_16_cast265|        scalar|
|hidden_pos_load_17_cast266  |   in|    2|     ap_none|           hidden_pos_load_17_cast266|        scalar|
|hidden_pos_load_18_cast267  |   in|    2|     ap_none|           hidden_pos_load_18_cast267|        scalar|
|hidden_pos_load_19_cast268  |   in|    2|     ap_none|           hidden_pos_load_19_cast268|        scalar|
|hidden_pos_load_20_cast269  |   in|    2|     ap_none|           hidden_pos_load_20_cast269|        scalar|
|hidden_pos_load_21_cast270  |   in|    2|     ap_none|           hidden_pos_load_21_cast270|        scalar|
|hidden_pos_load_22_cast271  |   in|    2|     ap_none|           hidden_pos_load_22_cast271|        scalar|
|hidden_pos_load_23_cast272  |   in|    2|     ap_none|           hidden_pos_load_23_cast272|        scalar|
|hidden_pos_load_24_cast273  |   in|    2|     ap_none|           hidden_pos_load_24_cast273|        scalar|
|hidden_pos_load_25_cast274  |   in|    2|     ap_none|           hidden_pos_load_25_cast274|        scalar|
|hidden_pos_load_26_cast275  |   in|    2|     ap_none|           hidden_pos_load_26_cast275|        scalar|
|hidden_pos_load_27_cast276  |   in|    2|     ap_none|           hidden_pos_load_27_cast276|        scalar|
|hidden_pos_load_28_cast277  |   in|    2|     ap_none|           hidden_pos_load_28_cast277|        scalar|
|hidden_pos_load_29_cast278  |   in|    2|     ap_none|           hidden_pos_load_29_cast278|        scalar|
|sext_ln45                   |   in|    2|     ap_none|                            sext_ln45|        scalar|
+----------------------------+-----+-----+------------+-------------------------------------+--------------+

