#-----------------------------------------------------------
# Vivado v2024.2 (64-bit)
# SW Build 5239630 on Fri Nov 08 22:35:27 MST 2024
# IP Build 5239520 on Sun Nov 10 16:12:51 MST 2024
# SharedData Build 5239561 on Fri Nov 08 14:39:27 MST 2024
# Start of session at: Wed May 14 09:54:33 2025
# Process ID         : 3992
# Current directory  : D:/Proyectos/tfg_hardware_accelerator/hls_tfg_bnn/train_step/hls/impl/verilog/project.runs/bd_0_hls_inst_0_synth_1
# Command line       : vivado.exe -log bd_0_hls_inst_0.vds -product Vivado -mode batch -messageDb vivado.pb -notrace -source bd_0_hls_inst_0.tcl
# Log file           : D:/Proyectos/tfg_hardware_accelerator/hls_tfg_bnn/train_step/hls/impl/verilog/project.runs/bd_0_hls_inst_0_synth_1/bd_0_hls_inst_0.vds
# Journal file       : D:/Proyectos/tfg_hardware_accelerator/hls_tfg_bnn/train_step/hls/impl/verilog/project.runs/bd_0_hls_inst_0_synth_1\vivado.jou
# Running On         : Yehoh
# Platform           : Windows Server 2016 or Windows 10
# Operating System   : 26100
# Processor Detail   : Intel(R) Core(TM) i7-10750H CPU @ 2.60GHz
# CPU Frequency      : 2592 MHz
# CPU Physical cores : 6
# CPU Logical cores  : 12
# Host memory        : 16945 MB
# Swap memory        : 14495 MB
# Total Virtual      : 31440 MB
# Available Virtual  : 13514 MB
#-----------------------------------------------------------
source bd_0_hls_inst_0.tcl -notrace
